Afghanistan
Albania
Alderney
Algeria
America
American Samoa
Andorra
Angola
Anguilla
Antigua y Barbuda
Antillas
Argentina
Aruba
Atoll de Johnston
Atoll de Palmyra
Australia
Austria
Azerbaidjan
Bahamas
Bahrain
Bangladesh
Barbados
Bassas
Bassas da India
Belarus
Belau
Belgium
Belize
Benin
Bermuda
Bhutan
Bolivia
Bora
Bosnia
Botswana
Brasil
Gran Bretaña
British Indian Ocean Territory
Brunei
Bulgaria
Burkina
Burkina Faso
Burma
Burundi
Camboya
Cameroon
Camerún
Canada
Canadá
CapVert
Cape Verde
Cabo Verde
Central African Republic
Chad
Chile
China
Colombia
Comores
Comoros
Congo
Costa Rica
Croatia
Cuba
Cyprus
Chipre
Czechoslovakia
Denmark
Dinamarca
Djibouti
Dominica
República Dominicana
East Germany
Ecuador
Egypt
Egipto
El Salvador
Emiratos Árabes Unidos
Emirates
Equatorial Guinea
Guinea Ecuatorial
Estonia
Ethiopia
Etiopía
Federal Republic of Germany
Alemania
Federated States of Micronesia
Fiji
Micronesia
Finlandia
Finland
Francia
France
French Guiana
French Polynesia
French Southern and Antarctic Lands
Gabon
Gambia
Gaza Strip
German Democratic Republic
Germany
Ghana
Gibraltar
Great Britain
Greece
Greenland
Grenada
Groenland
Guadeloupe
Guam
Guatemala
Guernsey
Guinea
Guyana
Haiti
Haïti
Herm
Holland
Honduras
Hong Kong
Hongkong:normalized=Hong Kong
Hungary
Iceland
India
Indonesia
Irak
Iran
Iraq
Ireland
Isle of Man
Israel
Italy
Ivory Coast
Jamaica
Jan Mayen
Japan
Jersey
Johnston Atoll
Jordan
Katar
Kazakhstan
Kenya
Kingman Reef
Kirghizistan
Kiribati
Korea
Kuwait
Laos
Latin America
Latvia
Lebanon
Lesotho
Lettonie
Liban
Liberia
Libya
Liechtenstein
Lithuania
Luxembourg
Macao
Macau
Madagascar
Malawi
Malaysia
Maldivas
Mali
Malta
Marruecos
Martinique
Mauritania
Mauritius
Mayotte
Mexico
Miquelon
Moldavia
Monaco
Mongolia
Montenegro
Montserrat
Morocco
Mozambique
Myanmar
NZ
Namibia:normalized=Namibia
Namibie:normalized=Namibia
Nauru
Nepal
Netherlands
Netherlands Antilles
Nevis
Nueva Caledonia
Nueva Zelanda
Nicaragua
Niger
Nigeria
Niue
Korea del Norte
Norway
Noruega
Népal
Oman
Pakistan
Palau
Palestina
Palmyra Atoll
Panama
Papua
Papouasie
Papua Nueva Guinea
Paraguay
Peru
Philippines
Poland
Porto Rico
Portugal
Puerto Rico
Qatar
Reunion
Rumanía
Royaume
Ruanda
Russia
Rwanda
Saint Kittset
Saint Vincent
Saint-Pierreet
Sainte-Hlène
Sainte-Lucie
Samoa
San Marino
Sao Tome y Principe
ArabiaSaudi 
Senegal
Seychelles
Sierra Leona
Singapore
Somalia
South Africa
South Korea
Soviet Union
Spain
Sri Lanka:normalized=Sri Lanka
SriLanka:normalized=Sri Lanka
St.Barthélemy
Sudan
Surinam:normalized=Suriname
Suriname:normalized=Suriname
Svalbard
Swaziland
Sweden
Switzerland
Suiza
Syria
Siria
Tadjikistan
Taiwan
Tanzania
Taïwan:normalized=Taiwan
Tchad
Thailand
Tailandia
The Netherlands:normalized=The Netherlands
Tibet
Togo
Tokelau
Tonga
Trinidad and Tobago
Trust Territory of the Pacific
Tunisia
Turkey
Turkmenistan
Tuvalu
U K:normalized=United Kingdom
U.K.:normalized=United Kingdom
U S:normalized=United States of America
U.S.:normalized=United States of America
U S A:normalized=United States of America
U.S.A.:normalized=United States of America
U S S R
U.S.S.R.
UAE:normalized=United Arab Emirates
UK:normalized=United Kingdom
US:normalized=United States of America
USA:normalized=United States of America
USSR
Uganda
Ukraine
United Arab Emirates:normalized=United Arab Emirates
United Kingdom:normalized=United Kingdom
United States:normalized=United States of America
Estados Unidos de América
United States of America:normalized=United States of America
Uruguay
Vanuatu
Vatican:normalized=Vatican City
Vaticano
Ciudad del Vaticano
Venezuela
Vietnam
Wallis & Futuna:normalized=Wallis and Futuna
Wallis and Futuna:normalized=Wallis and Futuna
West Bank
West Germany
Western Sahara
Western Samoa
Yugoslavia
Yémen:normalized=Yemen
Yemen:normalized=Yemen
Republic of Yemen:normalized=Yemen
Zaire:normalized=Zaire
Zambia
Zaïre:normalized=Zaire
Zimbabwe
the Netherlands:normalized=The Netherlands
Île Clipperto
Île Europa
Île Howland
Île Jarvis
Île Juan de Nova
Île Navassa
Île Tromelin
Munckinland
Slovenia
Slovakia
Eslovaquia
Eslovenia
Serbia
Czech Republic
Republica Checa
Uzbekistan
Tajikistan
British Isles
N. Korea:normalized=North Korea
S. Korea:normalized=South Korea
Chechnya
Moldova
Azerbaijan
Trinidad
Tobago
Kazakstan
Russian Federaton
Federación Rusa
Rusia