zeroth
first
second
third
fourth
fifth
fift
sixth
seventh
eighth
ninth
nineth
tenth
eleventh
twelfth
twelveth
twelvth
dozenth
thirteenth
fourteenth
fifteenth
sixteenth
seventeenth
eighteenth
nineteenth
ninteenth
twentieth
twenty-first
twenty-second
twenty-third
twenty-fourth
twenty-fifth
twenty-sixth
twenty-seventh
twenty-eighth
twenty-ninth
twenty first
twenty second
twenty third
twenty fourth
twenty fifth
twenty sixth
twenty seventh
twenty eighth
twenty ninth
thirtieth
thirty-first
thirty first
fortieth
fiftieth
sixtieth
seventieth
eightieth
ninetieth
hundredth
five-hundredth
thousandth
millionth
billionth
trillionth
quadrillionth
quintillionth
sextillionth
septillionth
octillionth
nonillionth
decillionth
undecillion
duodecillionth
duotrigintillionth
vigintillionth
googolth
googolplexth
gazillionth
primero 
primera 
primeros
primeras
segundo	
segunda segundos segundas
tercer 
tercero 
tercera terceros terceras
cuarto cuartos cuartas
cuarta 
quinto 
quinta quintos quintas
sexto 
sexta sextos sextas
septimo septima
séptima séptimos séptimas 
octavo 
octava octavos octavas
decimo
décimo 
décimo decimos 
décima 
décima  
decimo primero
decimo segundo
decimo tercero
decimo cuarto
decimo quinto
decimo sexto
decimo séptimo
decimo septimo
decimo octavo
decimo noveno
vigésimo
vigésimo primero
vigésimo segundo
vigésimo tercero
vigésimo cuarto
vigésimo quinto
vigésimo sexto
vigésimo séptimo
vigésimo septimo
vigésimo octavo 
vigésimo noveno 
trigésimo
cuatrigésimo
quincuagésimo
hexagésimo
heptagésimo
octagésimo
nonagésimo
centésimo
centésima
milésimo
milésima
millonésimo
millonésima