WPC
Woman Police Constable
W.P.C.
W. P. C.
W.P.C.
Superintendent
Super Intendent
Special Constable
Special Agent
Serjeant
Sergent
sergent
sergeant
Sergeant
Police Constable
PC
P.C.
P. C.
P.C.
Inspector
DS
DI
Detective Serjeant
Detective Sergeant
Detective Inspector
Detective Constable
Detective Chief Inspector
Detective Chief Constable
Detective
Det. Sgt.
Det. Serg.
Det. Insp.
Det. Const.
Det. Ch. Insp.
Det Sgt
Det Serg
Det Insp
Det Const
Det Ch Insp
Det. Sgt.
Det. Serg.
Det. Insp.
Det. Const.
Det. Ch. Insp.
desk serjeant
Desk Serjeant
desk Serjeant
desk Sergeant
desk sergeant
Desk Sergeant
Deputy Chief Inspector
Deputy Chief Constable
DCI
DC
D.S.
D.I.
D.C.I.
D.C.
D. S.
D. C. I.
D. C.
D.S.
D.I.
D.C.I.
D.C.
Crime Prevention Officer
Constable
Communications Officer
Commissioner
Commissar
Commissaire
Chief Superintendent
Chief Inspector
Chief Constable
Chief Commissioner
Brigadier
Mujer policía
Superintendente
Agente Especial
Sargento
sargento
Sargento
Agente de policía
Inspector
Detective Sargento
Sargento detective
Detective Inspector
Detective Alguacil
Detective Inspector Jefe
Detective Jefe de Policía
Detective
Sargento Det.
Det. Sargento.
Det. Sargento
Det Serg
Det Insp.
Det Const
Det Ch Insp
Sargento Det.
Det. Sargento.
Det. Insp.
Det. Const.
Det. Ch. Insp.
Sargento de guardia
Sargento de escritorio
escritorio Sargento
Sargento de guardia
sargento de guardia
Sargento de guardia
Inspector Jefe Adjunto
Subjefe de Policía
Oficial de Prevención del Delito
Agente
Oficial de Comunicaciones
Comisionado
Comisario
Superintendente Jefe
Inspector Jefe
Jefe de Policía
El Comisionado Jefe
Brigadier
